[www.webslowcost.pro/posicionamiento-web-seo-en-barcelona/index.html]
[backblue.gif]
[fade.gif]
[index.html]
[www.webslowcost.pro/wp-content/cache/min/1/74ec2defaae5e90b089ce25af90d5a42.css]
[www.webslowcost.pro/wp-content/uploads/2020/06/Posicionamiento-web-seo-en-Barcelona.jpg]
[www.webslowcost.pro/wp-content/uploads/elementor/css/post-1409e8e5.css]
[www.webslowcost.pro/wp-content/uploads/elementor/css/post-4946e8e5.css]
[pagead2.googlesyndication.com/pagead/js/f.txt]
[www.webslowcost.pro/wp-content/uploads/2020/06/cropped-wlc-32x32.png]
[www.webslowcost.pro/wp-content/uploads/2020/06/cropped-wlc-192x192.png]
[www.webslowcost.pro/wp-content/uploads/2020/06/cropped-wlc-180x180.png]
[www.webslowcost.pro/posicionamiento-web-seo-en-barcelona/feed/index.html]
[www.webslowcost.pro/posicionamiento-web-seo-en-barcelona/images/layers.png]
[www.webslowcost.pro/posicionamiento-web-seo-en-barcelona/images/layers-2x.png]
[www.webslowcost.pro/posicionamiento-web-seo-en-barcelona/images/marker-icon.png]
[s3-media2.fl.yelpcdn.com/assets/srv0/yelp_design_web/9b34e39ccbeb/assets/img/stars/stars.png]
[www.webslowcost.pro/wp-content/uploads/2020/06/wlc-300x69.png]
[afiliados.webempresa.eu/banner-afiliados-nuevos-planes-hombreverde-300x250px.gif]
[www.webslowcost.pro/wp-content/uploads/2020/06/Posicionar-una-web-en-Barcelona.jpg]
[www.webslowcost.pro/wp-content/uploads/2020/06/Posicionamiento-en-la-web-en-Barcelona.jpg]
[www.webslowcost.pro/wp-content/uploads/2020/06/Posicionamiento-web-y-seo-en-Barcelona.jpg]
[www.webslowcost.pro/wp-content/uploads/2021/04/banahosting-icon.png]
[www.webslowcost.pro/wp-content/uploads/2021/05/logo-400x400-7d3d5942f5.jpg]
[www.webslowcost.pro/wp-content/uploads/2021/04/greengeeks-2-1-e1619804178491.png]
[afiliados.webempresa.eu/wordpress_250x250_pruebagratis.gif]
[www.webslowcost.pro/wp-content/uploads/2021/05/indice.png]
[www.webslowcost.pro/wp-content/uploads/2021/01/PAYPAL-PAGO-300x144.png]
[www.paypalobjects.com/es_ES/ES/i/btn/btn_cart_LG.gif]
[www.paypalobjects.com/es_ES/i/scr/pixel.gif]
[www.webslowcost.pro/wp-includes/js/dist/hooks.min8cbb.js]
[www.webslowcost.pro/wp-includes/js/dist/i18n.mina28b.js]
[www.webslowcost.pro/wp-content/plugins/wp-rocket/assets/js/lazyload/17.5/lazyload.min.js]
[www.webslowcost.pro/posicionamiento-web-seo-en-barcelona/index.html]
[www.webslowcost.pro/wp-content/cache/min/1/49146029c5f9d70bac48a6c3fb32e5e9.js]
[www.webslowcost.pro/wp-content/plugins/revslider/public/assets/assets/gridtile.png]
[www.webslowcost.pro/wp-content/plugins/revslider/public/assets/assets/gridtile_white.png]
[www.webslowcost.pro/wp-content/plugins/revslider/public/assets/assets/gridtile_3x3.png]
[www.webslowcost.pro/wp-content/plugins/revslider/public/assets/assets/gridtile_3x3_white.png]
[www.webslowcost.pro/wp-content/plugins/revslider/public/assets/assets/coloredbg.png]
[www.webslowcost.pro/wp-content/plugins/revslider/public/assets/assets/loader.gif]
[www.webslowcost.pro/wp-content/cache/min/1/74ec2defaae5e90b089ce25af90d5a42.css]
[www.webslowcost.pro/wp-content/uploads/elementor/css/post-1409e8e5.css]
[www.webslowcost.pro/wp-content/uploads/elementor/css/post-4946e8e5.css]
[www.webslowcost.pro/posicionamiento-web-seo-en-barcelona/images/layers.html]
[www.webslowcost.pro/posicionamiento-web-seo-en-barcelona/images/layers-2x.html]
[www.webslowcost.pro/posicionamiento-web-seo-en-barcelona/images/marker-icon.html]
